// Jest Snapshot v1, https://goo.gl/fbAQLP

exports[`renders a snapshot 1`] = `
<div
  className="App"
>
  <h1>
    Contact Information for Annie Ullyot
  </h1>
</div>
`;
